GowinSynthesis start
Running parser ...
Analyzing Verilog file '/home/arielo/repos/SD/PS2_to_screen/Mouse_to_screen/Led_panel_12bpp/paint_uart_top.v'
Analyzing Verilog file '/home/arielo/repos/SD/PS2_to_screen/Mouse_to_screen/Led_panel_12bpp/mouse_uart_receiver.v'
Analyzing Verilog file '/home/arielo/repos/SD/PS2_to_screen/Mouse_to_screen/Led_panel_12bpp/uart.v'
WARN  (EX3801) : Parameter 'divisor' becomes localparam in 'uart' with formal parameter declaration list("/home/arielo/repos/SD/PS2_to_screen/Mouse_to_screen/Led_panel_12bpp/uart.v":24)
Analyzing Verilog file '/home/arielo/repos/SD/PS2_to_screen/Mouse_to_screen/Led_panel_12bpp/count.v'
Analyzing Verilog file '/home/arielo/repos/SD/PS2_to_screen/Mouse_to_screen/Led_panel_12bpp/ctrl_lp4k.v'
Analyzing Verilog file '/home/arielo/repos/SD/PS2_to_screen/Mouse_to_screen/Led_panel_12bpp/memory_V2.v'
Analyzing Verilog file '/home/arielo/repos/SD/PS2_to_screen/Mouse_to_screen/Led_panel_12bpp/comp.v'
Analyzing Verilog file '/home/arielo/repos/SD/PS2_to_screen/Mouse_to_screen/Led_panel_12bpp/lsr_led.v'
Analyzing Verilog file '/home/arielo/repos/SD/PS2_to_screen/Mouse_to_screen/Led_panel_12bpp/mux_led.v'
Analyzing Verilog file '/home/arielo/repos/SD/PS2_to_screen/Mouse_to_screen/Led_panel_12bpp/Mouse_to_screen.v'
Analyzing Verilog file '/home/arielo/repos/SD/PS2_to_screen/Mouse_to_screen/Led_panel_12bpp/mult.v'
WARN  (EX3073) : Port 'zero' remains unconnected for this instance("/home/arielo/repos/SD/PS2_to_screen/Mouse_to_screen/Led_panel_12bpp/paint_uart_top.v":199)
Compiling module 'paint_uart_top'("/home/arielo/repos/SD/PS2_to_screen/Mouse_to_screen/Led_panel_12bpp/paint_uart_top.v":7)
WARN  (EX3791) : Expression size 6 truncated to fit in target size 5("/home/arielo/repos/SD/PS2_to_screen/Mouse_to_screen/Led_panel_12bpp/paint_uart_top.v":85)
Compiling module 'mouse_uart_receiver'("/home/arielo/repos/SD/PS2_to_screen/Mouse_to_screen/Led_panel_12bpp/mouse_uart_receiver.v":7)
Compiling module 'uart(freq_hz=50000000,baud=9600)'("/home/arielo/repos/SD/PS2_to_screen/Mouse_to_screen/Led_panel_12bpp/uart.v":5)
WARN  (EX3791) : Expression size 32 truncated to fit in target size 16("/home/arielo/repos/SD/PS2_to_screen/Mouse_to_screen/Led_panel_12bpp/uart.v":39)
WARN  (EX3791) : Expression size 5 truncated to fit in target size 4("/home/arielo/repos/SD/PS2_to_screen/Mouse_to_screen/Led_panel_12bpp/uart.v":88)
WARN  (EX3791) : Expression size 5 truncated to fit in target size 4("/home/arielo/repos/SD/PS2_to_screen/Mouse_to_screen/Led_panel_12bpp/uart.v":91)
WARN  (EX3791) : Expression size 5 truncated to fit in target size 4("/home/arielo/repos/SD/PS2_to_screen/Mouse_to_screen/Led_panel_12bpp/uart.v":137)
WARN  (EX3791) : Expression size 5 truncated to fit in target size 4("/home/arielo/repos/SD/PS2_to_screen/Mouse_to_screen/Led_panel_12bpp/uart.v":140)
Compiling module 'Mouse_to_screen(PIXEL_COLOR=12'h000)'("/home/arielo/repos/SD/PS2_to_screen/Mouse_to_screen/Led_panel_12bpp/Mouse_to_screen.v":1)
WARN  (EX3791) : Expression size 9 truncated to fit in target size 7("/home/arielo/repos/SD/PS2_to_screen/Mouse_to_screen/Led_panel_12bpp/Mouse_to_screen.v":38)
WARN  (EX3791) : Expression size 9 truncated to fit in target size 7("/home/arielo/repos/SD/PS2_to_screen/Mouse_to_screen/Led_panel_12bpp/Mouse_to_screen.v":45)
WARN  (EX3791) : Expression size 32 truncated to fit in target size 7("/home/arielo/repos/SD/PS2_to_screen/Mouse_to_screen/Led_panel_12bpp/Mouse_to_screen.v":50)
Compiling module 'mult'("/home/arielo/repos/SD/PS2_to_screen/Mouse_to_screen/Led_panel_12bpp/mult.v":1)
WARN  (EX3791) : Expression size 6 truncated to fit in target size 5("/home/arielo/repos/SD/PS2_to_screen/Mouse_to_screen/Led_panel_12bpp/mult.v":83)
Compiling module 'memory(width=10)'("/home/arielo/repos/SD/PS2_to_screen/Mouse_to_screen/Led_panel_12bpp/memory_V2.v":1)
Extracting RAM for identifier 'MEM0'("/home/arielo/repos/SD/PS2_to_screen/Mouse_to_screen/Led_panel_12bpp/memory_V2.v":16)
Extracting RAM for identifier 'MEM1'("/home/arielo/repos/SD/PS2_to_screen/Mouse_to_screen/Led_panel_12bpp/memory_V2.v":17)
Extracting RAM for identifier 'B_MEM0'("/home/arielo/repos/SD/PS2_to_screen/Mouse_to_screen/Led_panel_12bpp/memory_V2.v":18)
Extracting RAM for identifier 'B_MEM1'("/home/arielo/repos/SD/PS2_to_screen/Mouse_to_screen/Led_panel_12bpp/memory_V2.v":19)
Compiling module 'count(width=4)'("/home/arielo/repos/SD/PS2_to_screen/Mouse_to_screen/Led_panel_12bpp/count.v":1)
WARN  (EX3791) : Expression size 6 truncated to fit in target size 5("/home/arielo/repos/SD/PS2_to_screen/Mouse_to_screen/Led_panel_12bpp/count.v":15)
Compiling module 'count'("/home/arielo/repos/SD/PS2_to_screen/Mouse_to_screen/Led_panel_12bpp/count.v":1)
WARN  (EX3791) : Expression size 7 truncated to fit in target size 6("/home/arielo/repos/SD/PS2_to_screen/Mouse_to_screen/Led_panel_12bpp/count.v":15)
Compiling module 'count(width=10)'("/home/arielo/repos/SD/PS2_to_screen/Mouse_to_screen/Led_panel_12bpp/count.v":1)
WARN  (EX3791) : Expression size 12 truncated to fit in target size 11("/home/arielo/repos/SD/PS2_to_screen/Mouse_to_screen/Led_panel_12bpp/count.v":15)
Compiling module 'count(width=1)'("/home/arielo/repos/SD/PS2_to_screen/Mouse_to_screen/Led_panel_12bpp/count.v":1)
WARN  (EX3791) : Expression size 3 truncated to fit in target size 2("/home/arielo/repos/SD/PS2_to_screen/Mouse_to_screen/Led_panel_12bpp/count.v":15)
Compiling module 'lsr_led(init_value=10)'("/home/arielo/repos/SD/PS2_to_screen/Mouse_to_screen/Led_panel_12bpp/lsr_led.v":1)
Compiling module 'comp_4k'("/home/arielo/repos/SD/PS2_to_screen/Mouse_to_screen/Led_panel_12bpp/comp.v":1)
Compiling module 'mux_led'("/home/arielo/repos/SD/PS2_to_screen/Mouse_to_screen/Led_panel_12bpp/mux_led.v":1)
Compiling module 'ctrl_lp4k'("/home/arielo/repos/SD/PS2_to_screen/Mouse_to_screen/Led_panel_12bpp/ctrl_lp4k.v":1)
NOTE  (EX0101) : Current top module is "paint_uart_top"
[5%] Running netlist conversion ...
Running device independent optimization ...
[10%] Optimizing Phase 0 completed
[15%] Optimizing Phase 1 completed
[25%] Optimizing Phase 2 completed
Running inference ...
[30%] Inferring Phase 0 completed
[40%] Inferring Phase 1 completed
[50%] Inferring Phase 2 completed
[55%] Inferring Phase 3 completed
Running technical mapping ...
[60%] Tech-Mapping Phase 0 completed
[65%] Tech-Mapping Phase 1 completed
[75%] Tech-Mapping Phase 2 completed
[80%] Tech-Mapping Phase 3 completed
[90%] Tech-Mapping Phase 4 completed
WARN  (NL0002) : The module "comp_4k" instantiated to "compa" is swept in optimizing("/home/arielo/repos/SD/PS2_to_screen/Mouse_to_screen/Led_panel_12bpp/paint_uart_top.v":211)
[95%] Generate netlist file "/home/arielo/repos/SD/PS2_to_screen/Mouse_to_screen/Led_panel_12bpp/impl/gwsynthesis/project.vg" completed
[100%] Generate report file "/home/arielo/repos/SD/PS2_to_screen/Mouse_to_screen/Led_panel_12bpp/impl/gwsynthesis/project_syn.rpt.html" completed
GowinSynthesis finish
