GowinSynthesis start
Running parser ...
Analyzing Verilog file '/home/arielo/repos/SD/mouse_uart_top.v'
Analyzing Verilog file '/home/arielo/repos/SD/mouse_uart_receiver.v'
Analyzing Verilog file '/home/arielo/repos/SD/uart.v'
WARN  (EX3801) : Parameter 'divisor' becomes localparam in 'uart' with formal parameter declaration list("/home/arielo/repos/SD/uart.v":24)
Compiling module 'mouse_uart_top'("/home/arielo/repos/SD/mouse_uart_top.v":7)
Compiling module 'mouse_uart_receiver'("/home/arielo/repos/SD/mouse_uart_receiver.v":7)
Compiling module 'uart(freq_hz=50000000,baud=9600)'("/home/arielo/repos/SD/uart.v":5)
WARN  (EX3791) : Expression size 32 truncated to fit in target size 16("/home/arielo/repos/SD/uart.v":39)
WARN  (EX3791) : Expression size 5 truncated to fit in target size 4("/home/arielo/repos/SD/uart.v":88)
WARN  (EX3791) : Expression size 5 truncated to fit in target size 4("/home/arielo/repos/SD/uart.v":91)
WARN  (EX3791) : Expression size 5 truncated to fit in target size 4("/home/arielo/repos/SD/uart.v":137)
WARN  (EX3791) : Expression size 5 truncated to fit in target size 4("/home/arielo/repos/SD/uart.v":140)
NOTE  (EX0101) : Current top module is "mouse_uart_top"
[5%] Running netlist conversion ...
Running device independent optimization ...
[10%] Optimizing Phase 0 completed
[15%] Optimizing Phase 1 completed
[25%] Optimizing Phase 2 completed
Running inference ...
[30%] Inferring Phase 0 completed
[40%] Inferring Phase 1 completed
[50%] Inferring Phase 2 completed
[55%] Inferring Phase 3 completed
Running technical mapping ...
[60%] Tech-Mapping Phase 0 completed
[65%] Tech-Mapping Phase 1 completed
[75%] Tech-Mapping Phase 2 completed
[80%] Tech-Mapping Phase 3 completed
[90%] Tech-Mapping Phase 4 completed
[95%] Generate netlist file "/home/arielo/repos/SD/impl/gwsynthesis/project.vg" completed
[100%] Generate report file "/home/arielo/repos/SD/impl/gwsynthesis/project_syn.rpt.html" completed
GowinSynthesis finish
